Microchip MPLAB XC8 Compiler V2.41

Linker command line:

-W-3 \
  --edf=C:/Program Files/Microchip/MPLABX/v6.10/packs/Microchip/PIC10-12Fxxx_DFP/1.6.174/xc8\pic\dat\20230421221704_en.msgs \
  -cn -h+dist/default/production\PIC12F615.production.sym \
  --cmf=dist/default/production\PIC12F615.production.cmf -z -Q12F615 \
  -oC:\Users\moham\AppData\Local\Temp\xcAsckc.\driver_tmp_3.o \
  --defsym=__MPLAB_BUILD=1 --fixupoverflow=error \
  -Mdist/default/production/PIC12F615.production.map \
  --md=C:\Users\moham\AppData\Local\Temp\xcAsckc.\driver_tmp_0.dat -E1 \
  -ver=XC8 Compiler --acfsm=1493 -ACODE=00h-03FFh -ASTRCODE=00h-03FFh \
  -ASTRING=00h-0FFhx4 -ACONST=00h-0FFhx4 -AENTRY=00h-0FFhx4 \
  -ACOMMON=070h-07Fh -ABANK0=040h-06Fh -ARAM=040h-06Fh -AABS1=040h-07Fh \
  -ASFR0=00h-03Fh -ASFR1=080h-0EFh -ACONFIG=02007h-02007h -DCONFIG=2 \
  -AIDLOC=02000h-02003h -DIDLOC=2 -DCODE=2 -DSTRCODE=2 -DSTRING=2 -DCONST=2 \
  -DENTRY=2 -preset_vec=00h,intentry,init,end_init -ppowerup=CODE \
  -pcinit=CODE -pfunctab=ENTRY -k \
  C:\Users\moham\AppData\Local\Temp\xcAsckc.\driver_tmp_9.o \
  dist/default/production\PIC12F615.production.o 

Object code version is 3.11

Machine type is 12F615



                Name                               Link     Load   Length Selector   Space Scale
C:\Users\moham\AppData\Local\Temp\xcAsckc.\driver_tmp_9.o
                end_init                              0        0        1        0       0
                config                             2007     2007        1        0       4
dist/default/production\PIC12F615.production.o
                cinit                               3FE      3FE        2      7FC       0
                config                             2007     2007        1        0       4
                text4                               26F      26F        3      4DE       0
                text3                               2E2      2E2       70      5C4       0
                text2                               277      277       6B      4EE       0
                text1                               272      272        5      4E4       0
                maintext                            352      352       AC      6A4       0
                cstackCOMMON                         70       70        7       70       1

TOTAL           Name                               Link     Load   Length     Space
        CLASS   CODE           
                end_init                              0        0        1         0
                cinit                               3FE      3FE        2         0
                text4                               26F      26F        3         0
                text3                               2E2      2E2       70         0
                text2                               277      277       6B         0
                text1                               272      272        5         0
                maintext                            352      352       AC         0

        CLASS   STRCODE        

        CLASS   STRING         

        CLASS   CONST          

        CLASS   ENTRY          

        CLASS   COMMON         
                cstackCOMMON                         70       70        7         1

        CLASS   BANK0          

        CLASS   RAM            

        CLASS   ABS1           
                abs_s1                               7E       7E        2         1

        CLASS   SFR0           

        CLASS   SFR1           

        CLASS   CONFIG         
                config                             2007     2007        1         4

        CLASS   IDLOC          

        CLASS   BANK1          

        CLASS   STACK          

        CLASS   EEDATA         



SEGMENTS        Name                           Load    Length   Top    Selector   Space  Class     Delta

                reset_vec                      000000  000001  000001         0       0  CODE        2
                cstackCOMMON                   000070  000007  000077        70       1  COMMON      1
                text4                          00026F  000003  000272       4DE       0  CODE        2
                text1                          000272  000005  000277       4E4       0  CODE        2
                text2                          000277  00006B  0002E2       4EE       0  CODE        2
                text3                          0002E2  000070  000352       5C4       0  CODE        2
                maintext                       000352  0000AC  0003FE       6A4       0  CODE        2
                cinit                          0003FE  000002  000400       7FC       0  CODE        2


UNUSED ADDRESS RANGES

        Name                Unused          Largest block    Delta
        BANK0            0040-006F             30           1
        CODE             0001-026E            26E           2
        COMMON           0077-007D              7           1
        CONST            0001-026E            100           2
        ENTRY            0001-026E            100           2
        IDLOC            2000-2003              4           2
        RAM              0040-006F             30           1
        SFR0             0000-003F             40           1
        SFR1             0080-00EF             70           1
        STRCODE          0001-026E            26E           2
        STRING           0001-026E            100           2

                                  Symbol Table

MDIO_stderrSetPinDirection@ARG_Mode   cstackCOMMON 0070
MDIO_stderrSetPinDirection@ARG_udtPin cstackCOMMON 0073
MDIO_stderrSetPinValue@ARG_u8Value    cstackCOMMON 0070
MDIO_stderrSetPinValue@ARG_udtPin     cstackCOMMON 0073
MDIO_voidSetPortValue@ARG_u8Value     cstackCOMMON 0070
_MADC_voidDisableAllADC               text4        026F
_MDIO_stderrSetPinDirection           text3        02E2
_MDIO_stderrSetPinValue               text2        0277
_MDIO_voidSetPortValue                text1        0272
__H__absolute__                       __absolute__ 0000
__Habs1                               abs1         0000
__Hbank0                              bank0        0000
__Hbank1                              bank1        0000
__Hcinit                              cinit        0400
__Hclrtext                            clrtext      0000
__Hcode                               code         0000
__Hcommon                             common       0000
__Hconfig                             config       2008
__HcstackCOMMON                       cstackCOMMON 0000
__Heeprom_data                        eeprom_data  0000
__Hend_init                           end_init     0001
__Hfunctab                            functab      0000
__Hinit                               init         0000
__Hintentry                           intentry     0000
__Hmaintext                           maintext     0000
__Hpowerup                            powerup      0000
__Hram                                ram          0000
__Hreset_vec                          reset_vec    0000
__Hsfr0                               sfr0         0000
__Hsfr1                               sfr1         0000
__Hspace_0                            (abs)        0400
__Hspace_1                            (abs)        0077
__Hspace_2                            (abs)        0000
__Hspace_3                            (abs)        0000
__Hspace_4                            (abs)        400F
__Hstack                              stack        0000
__Hstrings                            strings      0000
__Htext                               text         0000
__L__absolute__                       __absolute__ 0000
__Labs1                               abs1         0000
__Lbank0                              bank0        0000
__Lbank1                              bank1        0000
__Lcinit                              cinit        03FE
__Lclrtext                            clrtext      0000
__Lcode                               code         0000
__Lcommon                             common       0000
__Lconfig                             config       0000
__LcstackCOMMON                       cstackCOMMON 0000
__Leeprom_data                        eeprom_data  0000
__Lend_init                           end_init     0000
__Lfunctab                            functab      0000
__Linit                               init         0000
__Lintentry                           intentry     0000
__Lmaintext                           maintext     0000
__Lpowerup                            powerup      0000
__Lram                                ram          0000
__Lreset_vec                          reset_vec    0000
__Lsfr0                               sfr0         0000
__Lsfr1                               sfr1         0000
__Lspace_0                            (abs)        0000
__Lspace_1                            (abs)        0000
__Lspace_2                            (abs)        0000
__Lspace_3                            (abs)        0000
__Lspace_4                            (abs)        0000
__Lstack                              stack        0000
__Lstrings                            strings      0000
__Ltext                               text         0000
__S0                                  (abs)        0400
__S1                                  (abs)        0077
___int_sp                             stack        0000
___latbits                            (abs)        0000
___sp                                 stack        0000
___stackhi                            (abs)        0000
___stacklo                            (abs)        0000
__end_of_MADC_voidDisableAllADC       text4        0272
__end_of_MDIO_stderrSetPinDirection   text3        0352
__end_of_MDIO_stderrSetPinValue       text2        02E2
__end_of_MDIO_voidSetPortValue        text1        0277
__end_of__initialization              cinit        03FE
__end_of_main                         maintext     03FE
__initialization                      cinit        03FE
__pcstackCOMMON                       cstackCOMMON 0070
__pmaintext                           maintext     0352
__ptext1                              text1        0272
__ptext2                              text2        0277
__ptext3                              text3        02E2
__ptext4                              text4        026F
_main                                 maintext     0352
btemp                                 (abs)        007E
end_of_initialization                 cinit        03FE
intlevel0                             functab      0000
intlevel1                             functab      0000
intlevel2                             functab      0000
intlevel3                             functab      0000
intlevel4                             functab      0000
intlevel5                             functab      0000
reset_vec                             reset_vec    0000
start                                 init         0000
start_initialization                  cinit        03FE
wtemp0                                (abs)        007E


MODULE INFORMATION

Module		Function		Class		Link	Load	Size
02-MCAL/01-DIO/MDIO_PROGRAM.c
		_MDIO_stderrSetPinDirection		CODE           	02E2	0000	112
		_MDIO_stderrSetPinValue		CODE           	0277	0000	107
		_MDIO_voidSetPortValue		CODE           	0272	0000	5

02-MCAL/01-DIO/MDIO_PROGRAM.c estimated size: 224

05-APP/APP.c
		_main          		CODE           	0352	0000	172

05-APP/APP.c estimated size: 172

shared
		__initialization		CODE           	03FE	0000	1

shared estimated size: 1

02-MCAL/04-ADC/MADC_PROGRAM.c
		_MADC_voidDisableAllADC		CODE           	026F	0000	3

02-MCAL/04-ADC/MADC_PROGRAM.c estimated size: 3

